// Jest Snapshot v1, https://goo.gl/fbAQLP

exports[`Navigation: Auth renders correctly 1`] = `
<View
  style={
    Object {
      "alignItems": "center",
      "alignSelf": "stretch",
      "backgroundColor": "rgb(0, 50, 120)",
      "flex": 1,
      "justifyContent": "center",
    }
  }
>
  <View
    style={
      Object {
        "alignItems": "center",
        "flex": 1,
        "height": "50%",
        "justifyContent": "center",
        "width": "100%",
      }
    }
  >
    <Image
      source={
        Object {
          "testUri": "../../../src/app/components/login/images/header.png",
        }
      }
      style={
        Object {
          "height": "100%",
          "position": "absolute",
          "width": "100%",
          "zIndex": 0,
        }
      }
    />
    <Image
      source={
        Object {
          "testUri": "../../../src/app/components/login/images/pigzbe_logo.png",
        }
      }
      style={
        Object {
          "height": 63,
          "width": 162,
        }
      }
    />
    <Text
      accessible={true}
      allowFontScaling={true}
      ellipsizeMode="tail"
      style={
        Object {
          "color": "rgb(255, 255, 255)",
          "fontFamily": "Poppins",
          "fontSize": 16,
          "fontWeight": "bold",
          "marginBottom": 20,
          "marginLeft": 20,
          "marginRight": 20,
          "marginTop": 10,
          "position": "relative",
          "textAlign": "center",
          "zIndex": 1,
        }
      }
    >
      Save. Learn. Play.
    </Text>
    <View
      style={
        Object {
          "alignItems": "center",
          "bottom": 0,
          "flex": 1,
          "justifyContent": "flex-end",
          "position": "absolute",
        }
      }
    >
      <Image
        source={
          Object {
            "testUri": "../../../src/app/components/pig/pig.png",
          }
        }
        style={
          Object {
            "height": 35,
            "width": 81,
          }
        }
      />
    </View>
  </View>
  <View
    style={
      Object {
        "flex": 1,
        "height": "50%",
        "justifyContent": "center",
        "paddingLeft": "9.375%",
        "paddingRight": "9.375%",
        "width": "100%",
      }
    }
  >
    <Text
      accessible={true}
      allowFontScaling={true}
      ellipsizeMode="tail"
      style={
        Object {
          "color": "rgb(255, 255, 255)",
          "fontFamily": "Poppins",
          "fontSize": 16,
          "fontWeight": "bold",
          "marginBottom": 10,
          "marginLeft": 20,
          "marginRight": 20,
          "textAlign": "center",
        }
      }
    >
      Welcome to Pigzbe
    </Text>
    <Text
      accessible={true}
      allowFontScaling={true}
      ellipsizeMode="tail"
      style={
        Object {
          "color": "rgba(255, 255, 255, 0.6)",
          "fontFamily": "Poppins",
          "fontSize": 14,
          "marginBottom": 20,
          "marginLeft": 20,
          "marginRight": 20,
          "textAlign": "center",
        }
      }
    >
      Enter your key to access your Wollo account
    </Text>
    <TextInput
      allowFontScaling={true}
      onChangeText={[Function]}
      placeholder="Your key"
      placeholderTextColor="rgba(255, 255, 255, 0.6)"
      style={
        Object {
          "alignSelf": "stretch",
          "borderColor": "rgb(255, 255, 255)",
          "borderRadius": 22.5,
          "borderWidth": 1,
          "color": "rgb(255, 255, 255)",
          "fontFamily": "Poppins",
          "fontSize": 14,
          "fontWeight": "bold",
          "height": 45,
          "marginBottom": 10,
          "paddingLeft": 30,
          "paddingRight": 20,
        }
      }
      value="SDHBBSJHINKGAZ2L2OSXQWWZ335LY3AQWDJTNN2PFGSJWVAXA4YXVTP4"
    />
    <View
      accessibilityComponentType={undefined}
      accessibilityLabel={undefined}
      accessibilityTraits={undefined}
      accessible={true}
      collapsable={undefined}
      hasTVPreferredFocus={undefined}
      hitSlop={undefined}
      isTVSelectable={true}
      nativeID={undefined}
      onLayout={undefined}
      onResponderGrant={[Function]}
      onResponderMove={[Function]}
      onResponderRelease={[Function]}
      onResponderTerminate={[Function]}
      onResponderTerminationRequest={[Function]}
      onStartShouldSetResponder={[Function]}
      style={
        Object {
          "alignSelf": "stretch",
          "backgroundColor": "rgb(253, 223, 6)",
          "borderColor": "rgb(253, 223, 6)",
          "borderRadius": 22.5,
          "borderWidth": 1,
          "marginBottom": 10,
          "opacity": 1,
        }
      }
      testID={undefined}
      tvParallaxProperties={undefined}
    >
      <Text
        accessible={true}
        allowFontScaling={true}
        ellipsizeMode="tail"
        style={
          Array [
            Object {
              "alignSelf": "stretch",
              "color": "rgb(0, 50, 120)",
              "fontFamily": "Poppins",
              "fontSize": 16,
              "fontWeight": "bold",
              "height": 45,
              "paddingLeft": 20,
              "paddingRight": 20,
              "paddingTop": 10,
              "textAlign": "center",
            },
            undefined,
          ]
        }
      >
        Next
      </Text>
    </View>
    <View
      accessibilityComponentType={undefined}
      accessibilityLabel={undefined}
      accessibilityTraits={undefined}
      accessible={true}
      collapsable={undefined}
      hasTVPreferredFocus={undefined}
      hitSlop={undefined}
      isTVSelectable={true}
      nativeID={undefined}
      onLayout={undefined}
      onResponderGrant={[Function]}
      onResponderMove={[Function]}
      onResponderRelease={[Function]}
      onResponderTerminate={[Function]}
      onResponderTerminationRequest={[Function]}
      onStartShouldSetResponder={[Function]}
      style={
        Object {
          "opacity": 1,
        }
      }
      testID={undefined}
      tvParallaxProperties={undefined}
    >
      <Text
        accessible={true}
        allowFontScaling={true}
        ellipsizeMode="tail"
        style={
          Array [
            Object {
              "alignSelf": "stretch",
              "color": "rgb(0, 50, 120)",
              "fontFamily": "Poppins",
              "fontSize": 16,
              "fontWeight": "bold",
              "height": 45,
              "paddingLeft": 20,
              "paddingRight": 20,
              "paddingTop": 10,
              "textAlign": "center",
            },
            Object {
              "color": "rgba(255, 255, 255, 0.7)",
              "fontSize": 14,
              "textDecorationColor": "rgb(255, 255, 255)",
              "textDecorationLine": "underline",
              "textDecorationStyle": "solid",
            },
            undefined,
          ]
        }
      >
        Help?
      </Text>
    </View>
  </View>
  <View
    style={
      Object {
        "alignItems": "center",
        "flex": 1,
        "flexDirection": "row",
        "justifyContent": "space-between",
        "left": 0,
        "paddingLeft": "9.375%",
        "paddingRight": "9.375%",
        "position": "absolute",
        "top": 30,
        "width": "100%",
      }
    }
  >
    <Text
      accessible={true}
      allowFontScaling={true}
      ellipsizeMode="tail"
      style={
        Object {
          "backgroundColor": "rgb(149, 198, 100)",
          "color": "rgb(255, 255, 255)",
          "fontFamily": "Poppins",
          "fontSize": 12,
          "fontWeight": "bold",
          "paddingLeft": 4,
          "paddingRight": 4,
        }
      }
    >
      TESTNET
    </Text>
    <View
      accessibilityComponentType={undefined}
      accessibilityLabel={undefined}
      accessibilityTraits={undefined}
      accessible={true}
      collapsable={undefined}
      hasTVPreferredFocus={undefined}
      hitSlop={undefined}
      isTVSelectable={true}
      nativeID={undefined}
      onLayout={undefined}
      onResponderGrant={[Function]}
      onResponderMove={[Function]}
      onResponderRelease={[Function]}
      onResponderTerminate={[Function]}
      onResponderTerminationRequest={[Function]}
      onStartShouldSetResponder={[Function]}
      style={
        Object {
          "height": 18,
          "opacity": 1,
          "width": 18,
        }
      }
      testID={undefined}
      tvParallaxProperties={undefined}
    >
      <Image
        source={
          Object {
            "testUri": "../../../src/app/components/header/images/settings-icon.png",
          }
        }
        style={
          Object {
            "height": 18,
            "width": 18,
          }
        }
      />
    </View>
  </View>
  <View
    style={
      Object {
        "alignItems": "center",
        "backgroundColor": "rgba(255, 255, 255, 0)",
        "bottom": 0,
        "flex": 1,
        "justifyContent": "center",
        "left": 0,
        "position": "absolute",
        "right": 0,
        "top": 0,
      }
    }
  >
    <View
      style={
        Object {
          "alignItems": "center",
          "alignSelf": "stretch",
          "backgroundColor": "rgb(255, 255, 255)",
          "borderRadius": 15,
          "bottom": 25,
          "justifyContent": "center",
          "left": 16,
          "paddingBottom": 10,
          "paddingLeft": 10,
          "paddingRight": 10,
          "paddingTop": 12,
          "position": "absolute",
          "right": 16,
          "top": 30,
        }
      }
    >
      <View
        accessibilityComponentType={undefined}
        accessibilityLabel={undefined}
        accessibilityTraits={undefined}
        accessible={true}
        collapsable={undefined}
        hasTVPreferredFocus={undefined}
        hitSlop={undefined}
        isTVSelectable={true}
        nativeID={undefined}
        onLayout={undefined}
        onResponderGrant={[Function]}
        onResponderMove={[Function]}
        onResponderRelease={[Function]}
        onResponderTerminate={[Function]}
        onResponderTerminationRequest={[Function]}
        onStartShouldSetResponder={[Function]}
        style={
          Object {
            "backgroundColor": "rgb(255, 255, 255)",
            "height": 40,
            "opacity": 1,
            "paddingBottom": 12,
            "paddingLeft": 12,
            "paddingRight": 12,
            "paddingTop": 12,
            "position": "absolute",
            "right": 15,
            "top": 15,
            "width": 40,
          }
        }
        testID={undefined}
        tvParallaxProperties={undefined}
      >
        <Image
          source={
            Object {
              "testUri": "../../../src/app/components/overlay/images/close.png",
            }
          }
          style={
            Object {
              "height": 16,
              "width": 16,
            }
          }
        />
      </View>
      <Image
        source={
          Object {
            "testUri": "../../../src/app/components/overlay/images/rabbit.png",
          }
        }
        style={
          Object {
            "height": 85,
            "width": 63,
          }
        }
      />
      <Text
        accessible={true}
        allowFontScaling={true}
        ellipsizeMode="tail"
        style={
          Object {
            "color": "rgb(0, 50, 120)",
            "fontFamily": "Poppins",
            "fontSize": 25,
            "fontWeight": "bold",
            "marginBottom": 5,
            "marginTop": 8,
          }
        }
      >
        Let's learn!
      </Text>
      <Text
        accessible={true}
        allowFontScaling={true}
        ellipsizeMode="tail"
        style={
          Object {
            "color": "rgb(0, 50, 120)",
            "fontFamily": "Poppins",
            "fontSize": 14,
            "fontWeight": "bold",
          }
        }
      >
        How much is Wollo worth in...
      </Text>
      <View
        style={
          Object {
            "flexDirection": "row",
            "justifyContent": "space-between",
            "marginBottom": 20,
            "marginTop": 20,
            "width": 220,
          }
        }
      >
        <View
          accessibilityComponentType={undefined}
          accessibilityLabel={undefined}
          accessibilityTraits={undefined}
          accessible={true}
          collapsable={undefined}
          hasTVPreferredFocus={undefined}
          hitSlop={undefined}
          isTVSelectable={true}
          nativeID={undefined}
          onLayout={undefined}
          onResponderGrant={[Function]}
          onResponderMove={[Function]}
          onResponderRelease={[Function]}
          onResponderTerminate={[Function]}
          onResponderTerminationRequest={[Function]}
          onStartShouldSetResponder={[Function]}
          style={
            Object {
              "alignItems": "center",
              "backgroundColor": "rgb(255, 255, 255)",
              "borderColor": "rgb(72, 70, 148)",
              "borderRadius": 10,
              "borderStyle": "solid",
              "borderWidth": 3,
              "height": 60,
              "justifyContent": "center",
              "opacity": 1,
              "width": 60,
            }
          }
          testID={undefined}
          tvParallaxProperties={undefined}
        >
          <Image
            source={
              Object {
                "testUri": "../../../src/app/components/overlay/images/carrot.png",
              }
            }
            style={
              Object {
                "height": 60,
                "width": 60,
              }
            }
          />
        </View>
        <View
          accessibilityComponentType={undefined}
          accessibilityLabel={undefined}
          accessibilityTraits={undefined}
          accessible={true}
          collapsable={undefined}
          hasTVPreferredFocus={undefined}
          hitSlop={undefined}
          isTVSelectable={true}
          nativeID={undefined}
          onLayout={undefined}
          onResponderGrant={[Function]}
          onResponderMove={[Function]}
          onResponderRelease={[Function]}
          onResponderTerminate={[Function]}
          onResponderTerminationRequest={[Function]}
          onStartShouldSetResponder={[Function]}
          style={
            Object {
              "alignItems": "center",
              "backgroundColor": "rgb(241, 241, 255)",
              "borderColor": "rgb(241, 241, 255)",
              "borderRadius": 10,
              "borderStyle": "solid",
              "borderWidth": 3,
              "height": 60,
              "justifyContent": "center",
              "opacity": 1,
              "width": 60,
            }
          }
          testID={undefined}
          tvParallaxProperties={undefined}
        >
          <Image
            source={
              Object {
                "testUri": "../../../src/app/components/overlay/images/gold.png",
              }
            }
            style={
              Object {
                "height": 60,
                "width": 60,
              }
            }
          />
        </View>
        <View
          accessibilityComponentType={undefined}
          accessibilityLabel={undefined}
          accessibilityTraits={undefined}
          accessible={true}
          collapsable={undefined}
          hasTVPreferredFocus={undefined}
          hitSlop={undefined}
          isTVSelectable={true}
          nativeID={undefined}
          onLayout={undefined}
          onResponderGrant={[Function]}
          onResponderMove={[Function]}
          onResponderRelease={[Function]}
          onResponderTerminate={[Function]}
          onResponderTerminationRequest={[Function]}
          onStartShouldSetResponder={[Function]}
          style={
            Object {
              "alignItems": "center",
              "backgroundColor": "rgb(241, 241, 255)",
              "borderColor": "rgb(241, 241, 255)",
              "borderRadius": 10,
              "borderStyle": "solid",
              "borderWidth": 3,
              "height": 60,
              "justifyContent": "center",
              "opacity": 1,
              "width": 60,
            }
          }
          testID={undefined}
          tvParallaxProperties={undefined}
        >
          <Image
            source={
              Object {
                "testUri": "../../../src/app/components/overlay/images/dollar.png",
              }
            }
            style={
              Object {
                "height": 60,
                "width": 60,
              }
            }
          />
        </View>
      </View>
      <Text
        accessible={true}
        allowFontScaling={true}
        ellipsizeMode="tail"
        style={
          Object {
            "color": "rgb(0, 50, 120)",
            "fontFamily": "Poppins",
            "fontSize": 14,
            "fontWeight": "bold",
          }
        }
      >
        1 Wollo is worth 
        1
         
        carrot
      </Text>
      <View
        style={
          Object {
            "alignContent": "flex-start",
            "flexDirection": "row",
            "height": 160,
            "justifyContent": "space-between",
            "marginTop": 10,
            "width": 250,
          }
        }
      >
        <View
          style={
            Object {
              "width": 90,
            }
          }
        >
          <Image
            source={
              Object {
                "testUri": "../../../src/app/components/overlay/images/coins_pile.png",
              }
            }
            style={
              Object {
                "height": 90,
                "width": 90,
              }
            }
          />
          <Text
            accessible={true}
            allowFontScaling={true}
            ellipsizeMode="tail"
            style={
              Object {
                "color": "rgb(0, 50, 120)",
                "fontFamily": "Poppins",
                "fontSize": 14,
                "fontWeight": "bold",
                "marginLeft": 5,
                "textAlign": "center",
                "width": 80,
              }
            }
          >
            Your 
            17
             Wollo
          </Text>
        </View>
        <Image
          source={
            Object {
              "testUri": "../../../src/app/components/overlay/images/equals.png",
            }
          }
          style={
            Object {
              "height": 21,
              "marginTop": 50,
              "width": 25,
            }
          }
        />
        <View
          style={
            Object {
              "width": 90,
            }
          }
        >
          <Image
            source={
              Object {
                "testUri": "../../../src/app/components/overlay/images/carrot_pile.png",
              }
            }
            style={
              Object {
                "height": 90,
                "width": 90,
              }
            }
          />
          <Text
            accessible={true}
            allowFontScaling={true}
            ellipsizeMode="tail"
            style={
              Object {
                "color": "rgb(0, 50, 120)",
                "fontFamily": "Poppins",
                "fontSize": 14,
                "fontWeight": "bold",
                "marginLeft": 5,
                "textAlign": "center",
                "width": 80,
              }
            }
          >
            17 carrots
          </Text>
        </View>
      </View>
    </View>
  </View>
</View>
`;
