// Jest Snapshot v1, https://goo.gl/fbAQLP

exports[`Pig renders correctly 1`] = `
<View
  style={
    Object {
      "alignItems": "center",
      "bottom": 0,
      "flex": 1,
      "justifyContent": "flex-end",
      "position": "absolute",
    }
  }
>
  <Image
    source={
      Object {
        "testUri": "../../../src/app/components/pig/piggy.png",
      }
    }
    style={
      Object {
        "height": 60,
        "marginBottom": -20,
        "width": 97,
      }
    }
  />
</View>
`;
