// Jest Snapshot v1, https://goo.gl/fbAQLP

exports[`Kids renders correctly 1`] = `
<View
  style={
    Object {
      "paddingBottom": 20,
      "paddingTop": 25,
    }
  }
>
  <Text
    style={
      Object {
        "color": "rgb(255, 255, 255)",
        "fontFamily": "Poppins",
        "fontSize": 16,
        "fontWeight": "bold",
        "marginBottom": 12,
        "textAlign": "center",
      }
    }
  >
    Kids wallets
  </Text>
  <View
    style={
      Object {
        "paddingLeft": "6.25%",
        "paddingRight": "6.25%",
      }
    }
  >
    <View
      style={
        Object {
          "alignItems": "center",
          "alignSelf": "stretch",
        }
      }
    >
      <View
        accessible={true}
        isTVSelectable={true}
        onResponderGrant={[Function]}
        onResponderMove={[Function]}
        onResponderRelease={[Function]}
        onResponderTerminate={[Function]}
        onResponderTerminationRequest={[Function]}
        onStartShouldSetResponder={[Function]}
        style={
          Object {
            "backgroundColor": "rgb(255, 255, 255)",
            "borderColor": "rgb(255, 255, 255)",
            "borderRadius": 22.5,
            "borderWidth": 1,
            "marginBottom": 10,
            "maxWidth": 400,
            "opacity": 1,
            "width": "100%",
          }
        }
      >
        <Text
          style={
            Array [
              Object {
                "alignSelf": "stretch",
                "color": "rgb(255, 255, 255)",
                "fontFamily": "Poppins",
                "fontSize": 14,
                "fontWeight": "bold",
                "height": 45,
                "paddingLeft": 20,
                "paddingRight": 20,
                "paddingTop": 12,
                "textAlign": "center",
              },
              Object {
                "color": "rgb(0, 50, 120)",
              },
              null,
              undefined,
            ]
          }
        >
          Add My Children
        </Text>
      </View>
    </View>
  </View>
</View>
`;
