// Jest Snapshot v1, https://goo.gl/fbAQLP

exports[`Payments renders correctly 1`] = `
<View
  style={
    Object {
      "alignItems": "stretch",
      "alignSelf": "stretch",
      "backgroundColor": "rgb(247, 247, 250)",
      "flex": 1,
      "justifyContent": "center",
      "position": "relative",
    }
  }
>
  <Text
    accessible={true}
    allowFontScaling={true}
    ellipsizeMode="tail"
    style={
      Object {
        "color": "rgb(74, 74, 74)",
        "fontFamily": "Poppins",
        "fontSize": 16,
        "marginTop": 25,
        "textAlign": "center",
      }
    }
  >
    Transfer History
  </Text>
  <RCTScrollView
    data={Array []}
    disableVirtualization={false}
    getItem={[Function]}
    getItemCount={[Function]}
    horizontal={false}
    initialNumToRender={10}
    invertStickyHeaders={undefined}
    keyExtractor={[Function]}
    maxToRenderPerBatch={10}
    numColumns={1}
    onContentSizeChange={[Function]}
    onEndReachedThreshold={2}
    onLayout={[Function]}
    onMomentumScrollEnd={[Function]}
    onScroll={[Function]}
    onScrollBeginDrag={[Function]}
    onScrollEndDrag={[Function]}
    renderItem={[Function]}
    scrollEventThrottle={50}
    stickyHeaderIndices={Array []}
    updateCellsBatchingPeriod={50}
    viewabilityConfigCallbackPairs={Array []}
    windowSize={21}
  >
    <View />
  </RCTScrollView>
</View>
`;
