// Jest Snapshot v1, https://goo.gl/fbAQLP

exports[`Balance renders correctly 1`] = `
Array [
  <View
    onLayout={[Function]}
    style={
      Array [
        Object {
          "backgroundColor": "rgb(0, 50, 120)",
          "flex": 1,
          "justifyContent": "space-between",
        },
        Object {
          "width": 750,
        },
        undefined,
      ]
    }
  >
    <View
      style={
        Object {
          "backgroundColor": "rgb(21, 74, 150)",
          "bottom": 0,
          "left": 0,
          "position": "absolute",
          "right": 0,
          "top": 242,
        }
      }
    />
    <View
      style={
        Object {
          "alignItems": "center",
          "backgroundColor": "rgb(0, 50, 120)",
          "justifyContent": "center",
        }
      }
    >
      <Image
        source={
          Object {
            "testUri": "../../../src/app/components/logo/images/pigzbe_logo_inapp.png",
          }
        }
        style={
          Object {
            "height": 25,
            "marginBottom": 10,
            "marginTop": 34,
            "width": 65,
          }
        }
      />
      <View
        accessible={true}
        isTVSelectable={true}
        onResponderGrant={[Function]}
        onResponderMove={[Function]}
        onResponderRelease={[Function]}
        onResponderTerminate={[Function]}
        onResponderTerminationRequest={[Function]}
        onStartShouldSetResponder={[Function]}
        style={
          Object {
            "height": 40,
            "opacity": 1,
            "paddingBottom": 11,
            "paddingLeft": 11,
            "paddingRight": 11,
            "paddingTop": 11,
            "position": "absolute",
            "right": 10,
            "top": 24,
            "width": 40,
          }
        }
      >
        <Image
          source={
            Object {
              "testUri": "../../../src/app/components/header/images/settings-icon.png",
            }
          }
          style={
            Object {
              "height": 18,
              "width": 18,
            }
          }
        />
      </View>
    </View>
    <View
      style={
        Object {
          "alignItems": "center",
          "justifyContent": "center",
          "marginTop": 20,
        }
      }
    >
      <View
        style={
          Array [
            Object {
              "height": 78,
            },
            Object {
              "height": 32,
            },
          ]
        }
      >
        <View
          style={
            Object {
              "marginBottom": -20,
            }
          }
        >
          <View
            style={
              Array [
                Object {
                  "alignItems": "center",
                  "justifyContent": "center",
                },
                undefined,
              ]
            }
          >
            <View
              style={
                Object {
                  "alignItems": "center",
                  "flexDirection": "row",
                  "justifyContent": "center",
                }
              }
            >
              <Image
                source={
                  Object {
                    "testUri": "../../../src/app/components/wollo/images/wollo.png",
                  }
                }
                style={
                  Object {
                    "height": 23,
                    "marginRight": 10,
                    "width": 23,
                  }
                }
              />
              <Text
                style={
                  Array [
                    Object {
                      "color": "rgb(255, 255, 255)",
                      "fontFamily": "Poppins",
                      "fontSize": 22,
                      "fontWeight": "bold",
                      "marginTop": 2,
                    },
                    null,
                  ]
                }
              >
                0
              </Text>
            </View>
            <Text
              style={
                Array [
                  Object {
                    "color": "rgba(255, 255, 255, 0.6)",
                    "fontFamily": "Poppins",
                    "fontSize": 14,
                    "fontWeight": "bold",
                  },
                  null,
                ]
              }
            >
              $
              0
            </Text>
          </View>
        </View>
      </View>
      <Image
        source={
          Object {
            "testUri": "../../../src/app/components/step-header/images/piggy.png",
          }
        }
        style={
          Object {
            "height": 100,
            "marginBottom": -30,
            "marginTop": 8,
            "width": 200,
          }
        }
      />
    </View>
    <View
      onLayout={[Function]}
      style={
        Object {
          "flex": 1,
        }
      }
    >
      <View
        style={
          Array [
            Object {
              "flexGrow": 1,
            },
            Object {
              "bottom": 0,
            },
          ]
        }
      >
        <View
          onLayout={[Function]}
          style={
            Array [
              Object {
                "backgroundColor": "rgb(0, 50, 120)",
                "flex": 1,
                "justifyContent": "space-between",
              },
              Object {
                "width": 750,
              },
              Array [
                Object {
                  "alignSelf": "center",
                  "borderTopLeftRadius": 5,
                  "borderTopRightRadius": 5,
                  "width": "88.75%",
                },
                Object {
                  "backgroundColor": "rgba(255, 255, 255, 0)",
                },
              ],
            ]
          }
        >
          <RCTScrollView
            bounces={false}
            contentContainerStyle={
              Object {
                "flexGrow": 1,
                "justifyContent": "space-between",
              }
            }
            style={
              Object {
                "flex": 1,
              }
            }
          >
            <View>
              <View
                style={
                  Array [
                    null,
                    null,
                  ]
                }
              >
                <View>
                  <View
                    style={
                      Object {
                        "alignSelf": "stretch",
                        "backgroundColor": "rgb(59, 113, 190)",
                        "borderRadius": 8,
                        "minHeight": 130,
                        "paddingBottom": 20,
                        "paddingTop": 10,
                      }
                    }
                  >
                    <View
                      style={
                        Object {
                          "alignSelf": "stretch",
                          "flex": 1,
                          "flexDirection": "row",
                          "marginTop": 20,
                          "paddingLeft": 30,
                          "paddingRight": 30,
                        }
                      }
                    >
                      <View
                        style={
                          Object {
                            "alignItems": "center",
                            "flex": 1,
                            "flexDirection": "row",
                            "width": "50%",
                          }
                        }
                      >
                        <Image
                          source={
                            Object {
                              "testUri": "../../../src/app/components/coin-icon/images/coin-wlo.png",
                            }
                          }
                          style={
                            Array [
                              Object {
                                "height": 40,
                                "width": 40,
                              },
                              Object {
                                "marginRight": 10,
                              },
                            ]
                          }
                        />
                        <View>
                          <Text
                            style={
                              Object {
                                "color": "rgb(255, 255, 255)",
                                "fontFamily": "Poppins",
                                "fontWeight": "bold",
                              }
                            }
                          >
                            Wollo
                          </Text>
                          <Text
                            style={
                              Object {
                                "color": "rgba(255, 255, 255, 0.6)",
                                "fontFamily": "Poppins",
                                "fontWeight": "bold",
                              }
                            }
                          >
                            0
                          </Text>
                        </View>
                      </View>
                      <View
                        style={
                          Object {
                            "alignItems": "center",
                            "flex": 1,
                            "flexDirection": "row",
                            "justifyContent": "flex-end",
                          }
                        }
                      >
                        <Text
                          style={
                            Object {
                              "color": "rgb(255, 255, 255)",
                              "fontFamily": "Poppins",
                              "fontWeight": "bold",
                              "marginRight": 3,
                              "textAlign": "right",
                            }
                          }
                        >
                          $
                          0
                        </Text>
                      </View>
                    </View>
                    <View
                      style={
                        Object {
                          "alignSelf": "stretch",
                          "flex": 1,
                          "flexDirection": "row",
                          "marginTop": 20,
                          "paddingLeft": 30,
                          "paddingRight": 30,
                        }
                      }
                    >
                      <View
                        style={
                          Object {
                            "alignItems": "center",
                            "flex": 1,
                            "flexDirection": "row",
                            "width": "50%",
                          }
                        }
                      >
                        <Image
                          source={
                            Object {
                              "testUri": "../../../src/app/components/coin-icon/images/coin-xlm.png",
                            }
                          }
                          style={
                            Array [
                              Object {
                                "height": 40,
                                "width": 40,
                              },
                              Object {
                                "marginRight": 10,
                              },
                            ]
                          }
                        />
                        <View>
                          <Text
                            style={
                              Object {
                                "color": "rgb(255, 255, 255)",
                                "fontFamily": "Poppins",
                                "fontWeight": "bold",
                              }
                            }
                          >
                            XLM
                          </Text>
                          <Text
                            style={
                              Object {
                                "color": "rgba(255, 255, 255, 0.6)",
                                "fontFamily": "Poppins",
                                "fontWeight": "bold",
                              }
                            }
                          >
                            NaN
                          </Text>
                        </View>
                      </View>
                      <View
                        style={
                          Object {
                            "alignItems": "center",
                            "flex": 1,
                            "flexDirection": "row",
                            "justifyContent": "flex-end",
                          }
                        }
                      />
                    </View>
                  </View>
                  <View
                    style={
                      Object {
                        "paddingBottom": 20,
                        "paddingTop": 25,
                      }
                    }
                  >
                    <Text
                      style={
                        Object {
                          "color": "rgb(255, 255, 255)",
                          "fontFamily": "Poppins",
                          "fontSize": 16,
                          "fontWeight": "bold",
                          "marginBottom": 12,
                          "textAlign": "center",
                        }
                      }
                    >
                      Kids wallets
                    </Text>
                    <View
                      style={
                        Object {
                          "paddingLeft": "6.25%",
                          "paddingRight": "6.25%",
                        }
                      }
                    >
                      <View
                        style={
                          Object {
                            "alignItems": "center",
                            "alignSelf": "stretch",
                          }
                        }
                      >
                        <View
                          accessible={true}
                          isTVSelectable={true}
                          onResponderGrant={[Function]}
                          onResponderMove={[Function]}
                          onResponderRelease={[Function]}
                          onResponderTerminate={[Function]}
                          onResponderTerminationRequest={[Function]}
                          onStartShouldSetResponder={[Function]}
                          style={
                            Object {
                              "backgroundColor": "rgb(255, 255, 255)",
                              "borderColor": "rgb(255, 255, 255)",
                              "borderRadius": 22.5,
                              "borderWidth": 1,
                              "marginBottom": 10,
                              "maxWidth": 400,
                              "opacity": 1,
                              "width": "100%",
                            }
                          }
                        >
                          <Text
                            style={
                              Array [
                                Object {
                                  "alignSelf": "stretch",
                                  "color": "rgb(255, 255, 255)",
                                  "fontFamily": "Poppins",
                                  "fontSize": 14,
                                  "fontWeight": "bold",
                                  "height": 45,
                                  "paddingLeft": 20,
                                  "paddingRight": 20,
                                  "paddingTop": 12,
                                  "textAlign": "center",
                                },
                                Object {
                                  "color": "rgb(0, 50, 120)",
                                },
                                null,
                                undefined,
                              ]
                            }
                          >
                            Add My Children
                          </Text>
                        </View>
                      </View>
                    </View>
                  </View>
                  <View
                    style={
                      Object {
                        "alignItems": "center",
                        "backgroundColor": "rgb(255, 255, 255)",
                        "borderRadius": 5,
                        "justifyContent": "center",
                        "marginBottom": 40,
                        "paddingBottom": 20,
                      }
                    }
                  >
                    <Text
                      style={
                        Object {
                          "color": "rgb(0, 50, 120)",
                          "fontFamily": "Poppins",
                          "fontSize": 16,
                          "marginTop": 20,
                        }
                      }
                    >
                      <Text
                        style={
                          Object {
                            "fontWeight": "bold",
                          }
                        }
                      >
                        0
                      </Text>
                       Wollo Converted
                    </Text>
                    <View
                      style={
                        Object {
                          "alignItems": "flex-start",
                          "flexDirection": "row",
                          "flexWrap": "wrap",
                          "justifyContent": "space-between",
                          "marginTop": 20,
                          "paddingLeft": 20,
                          "paddingRight": 20,
                        }
                      }
                    >
                      <View
                        style={
                          Object {
                            "alignItems": "center",
                            "flex": 1,
                            "flexShrink": 0,
                            "justifyContent": "center",
                            "marginBottom": 20,
                            "minWidth": "26%",
                            "width": "26%",
                          }
                        }
                      >
                        <Image
                          source={
                            Object {
                              "testUri": "../../../src/app/components/coin-icon/images/coin-xlm.png",
                            }
                          }
                          style={
                            Array [
                              Object {
                                "height": 40,
                                "width": 40,
                              },
                              Object {
                                "marginBottom": 12,
                              },
                            ]
                          }
                        />
                        <Text
                          style={
                            Object {
                              "color": "rgb(127, 153, 188)",
                              "fontFamily": "Poppins",
                              "fontSize": 10,
                              "fontWeight": "bold",
                            }
                          }
                        >
                          XLM
                        </Text>
                        <Text
                          style={
                            Object {
                              "color": "rgb(0, 50, 120)",
                              "fontFamily": "Poppins",
                              "fontSize": 12,
                              "fontWeight": "bold",
                            }
                          }
                        >
                          0
                        </Text>
                      </View>
                      <View
                        style={
                          Object {
                            "alignItems": "center",
                            "flex": 1,
                            "flexShrink": 0,
                            "justifyContent": "center",
                            "marginBottom": 20,
                            "minWidth": "26%",
                            "width": "26%",
                          }
                        }
                      >
                        <Image
                          source={
                            Object {
                              "testUri": "../../../src/app/components/coin-icon/images/coin-btc.png",
                            }
                          }
                          style={
                            Array [
                              Object {
                                "height": 40,
                                "width": 40,
                              },
                              Object {
                                "marginBottom": 12,
                              },
                            ]
                          }
                        />
                        <Text
                          style={
                            Object {
                              "color": "rgb(127, 153, 188)",
                              "fontFamily": "Poppins",
                              "fontSize": 10,
                              "fontWeight": "bold",
                            }
                          }
                        >
                          BTC
                        </Text>
                        <Text
                          style={
                            Object {
                              "color": "rgb(0, 50, 120)",
                              "fontFamily": "Poppins",
                              "fontSize": 12,
                              "fontWeight": "bold",
                            }
                          }
                        >
                          0
                        </Text>
                      </View>
                      <View
                        style={
                          Object {
                            "alignItems": "center",
                            "flex": 1,
                            "flexShrink": 0,
                            "justifyContent": "center",
                            "marginBottom": 20,
                            "minWidth": "26%",
                            "width": "26%",
                          }
                        }
                      >
                        <Image
                          source={
                            Object {
                              "testUri": "../../../src/app/components/coin-icon/images/coin-eth.png",
                            }
                          }
                          style={
                            Array [
                              Object {
                                "height": 40,
                                "width": 40,
                              },
                              Object {
                                "marginBottom": 12,
                              },
                            ]
                          }
                        />
                        <Text
                          style={
                            Object {
                              "color": "rgb(127, 153, 188)",
                              "fontFamily": "Poppins",
                              "fontSize": 10,
                              "fontWeight": "bold",
                            }
                          }
                        >
                          ETH
                        </Text>
                        <Text
                          style={
                            Object {
                              "color": "rgb(0, 50, 120)",
                              "fontFamily": "Poppins",
                              "fontSize": 12,
                              "fontWeight": "bold",
                            }
                          }
                        >
                          0
                        </Text>
                      </View>
                      <View
                        style={
                          Object {
                            "alignItems": "center",
                            "flex": 1,
                            "flexShrink": 0,
                            "justifyContent": "center",
                            "marginBottom": 20,
                            "minWidth": "26%",
                            "width": "26%",
                          }
                        }
                      >
                        <Image
                          source={
                            Object {
                              "testUri": "../../../src/app/components/coin-icon/images/coin-eur.png",
                            }
                          }
                          style={
                            Array [
                              Object {
                                "height": 40,
                                "width": 40,
                              },
                              Object {
                                "marginBottom": 12,
                              },
                            ]
                          }
                        />
                        <Text
                          style={
                            Object {
                              "color": "rgb(127, 153, 188)",
                              "fontFamily": "Poppins",
                              "fontSize": 10,
                              "fontWeight": "bold",
                            }
                          }
                        >
                          EUR
                        </Text>
                        <Text
                          style={
                            Object {
                              "color": "rgb(0, 50, 120)",
                              "fontFamily": "Poppins",
                              "fontSize": 12,
                              "fontWeight": "bold",
                            }
                          }
                        >
                          0
                        </Text>
                      </View>
                      <View
                        style={
                          Object {
                            "alignItems": "center",
                            "flex": 1,
                            "flexShrink": 0,
                            "justifyContent": "center",
                            "marginBottom": 20,
                            "minWidth": "26%",
                            "width": "26%",
                          }
                        }
                      >
                        <Image
                          source={
                            Object {
                              "testUri": "../../../src/app/components/coin-icon/images/coin-jpy.png",
                            }
                          }
                          style={
                            Array [
                              Object {
                                "height": 40,
                                "width": 40,
                              },
                              Object {
                                "marginBottom": 12,
                              },
                            ]
                          }
                        />
                        <Text
                          style={
                            Object {
                              "color": "rgb(127, 153, 188)",
                              "fontFamily": "Poppins",
                              "fontSize": 10,
                              "fontWeight": "bold",
                            }
                          }
                        >
                          JPY
                        </Text>
                        <Text
                          style={
                            Object {
                              "color": "rgb(0, 50, 120)",
                              "fontFamily": "Poppins",
                              "fontSize": 12,
                              "fontWeight": "bold",
                            }
                          }
                        >
                          0
                        </Text>
                      </View>
                      <View
                        style={
                          Object {
                            "alignItems": "center",
                            "flex": 1,
                            "flexShrink": 0,
                            "justifyContent": "center",
                            "marginBottom": 20,
                            "minWidth": "26%",
                            "width": "26%",
                          }
                        }
                      >
                        <Image
                          source={
                            Object {
                              "testUri": "../../../src/app/components/coin-icon/images/coin-gbp.png",
                            }
                          }
                          style={
                            Array [
                              Object {
                                "height": 40,
                                "width": 40,
                              },
                              Object {
                                "marginBottom": 12,
                              },
                            ]
                          }
                        />
                        <Text
                          style={
                            Object {
                              "color": "rgb(127, 153, 188)",
                              "fontFamily": "Poppins",
                              "fontSize": 10,
                              "fontWeight": "bold",
                            }
                          }
                        >
                          GBP
                        </Text>
                        <Text
                          style={
                            Object {
                              "color": "rgb(0, 50, 120)",
                              "fontFamily": "Poppins",
                              "fontSize": 12,
                              "fontWeight": "bold",
                            }
                          }
                        >
                          0
                        </Text>
                      </View>
                    </View>
                    <Text
                      onPress={[Function]}
                      style={
                        Object {
                          "color": "rgb(127, 153, 188)",
                          "fontFamily": "Poppins",
                          "fontSize": 10,
                          "fontWeight": "bold",
                        }
                      }
                    >
                      Prices by 
                      <Text
                        style={
                          Array [
                            Object {
                              "color": "rgb(127, 153, 188)",
                              "fontFamily": "Poppins",
                              "fontSize": 10,
                              "fontWeight": "bold",
                            },
                            Object {
                              "textDecorationColor": "rgb(127, 153, 188)",
                              "textDecorationLine": "underline",
                              "textDecorationStyle": "solid",
                            },
                          ]
                        }
                      >
                        CryptoCompare
                      </Text>
                    </Text>
                  </View>
                </View>
              </View>
            </View>
          </RCTScrollView>
        </View>
      </View>
    </View>
  </View>,
  <View
    style={
      Object {
        "alignItems": "center",
        "backgroundColor": "rgba(0, 50, 120, 0.8)",
        "bottom": 0,
        "flex": 1,
        "justifyContent": "center",
        "left": 0,
        "position": "absolute",
        "right": 0,
        "top": 0,
      }
    }
  >
    <View>
      <Image
        source={
          Object {
            "testUri": "../../../src/app/components/modal/images/bird.png",
          }
        }
        style={
          Object {
            "alignSelf": "center",
            "height": 39,
            "width": 58,
          }
        }
      />
      <View
        style={
          Object {
            "alignItems": "center",
            "backgroundColor": "rgb(255, 255, 255)",
            "borderRadius": 10,
            "justifyContent": "center",
            "paddingBottom": 8,
            "paddingLeft": 20,
            "paddingRight": 20,
            "paddingTop": 22,
            "width": 284,
          }
        }
      >
        <Text
          style={
            Array [
              Object {
                "color": "rgb(255, 255, 255)",
                "fontFamily": "Poppins",
                "fontSize": 22,
                "fontWeight": "bold",
              },
              Object {
                "color": "rgb(0, 50, 120)",
                "marginBottom": 10,
              },
              undefined,
            ]
          }
        >
          Howdy!
        </Text>
        <Text
          style={
            Array [
              Object {
                "color": "rgb(0, 50, 120)",
                "fontFamily": "Poppins",
                "fontSize": 16,
                "marginBottom": 18,
                "textAlign": "center",
              },
              null,
              undefined,
            ]
          }
        >
          Welcome to your Pigzbe wallet. To fully activate your wallet you need to transfer funds into it.
        </Text>
        <Text
          style={
            Array [
              Object {
                "color": "rgb(0, 50, 120)",
                "fontFamily": "Poppins",
                "fontSize": 16,
                "marginBottom": 18,
                "textAlign": "center",
              },
              null,
              Object {
                "marginBottom": 40,
              },
            ]
          }
        >
          If you’re an 
          <Text
            style={
              Object {
                "fontWeight": "bold",
              }
            }
          >
            ICO
          </Text>
           participant, you can do this via settings.
        </Text>
        <View
          style={
            Object {
              "alignItems": "center",
              "alignSelf": "stretch",
            }
          }
        >
          <View
            accessible={true}
            isTVSelectable={true}
            onResponderGrant={[Function]}
            onResponderMove={[Function]}
            onResponderRelease={[Function]}
            onResponderTerminate={[Function]}
            onResponderTerminationRequest={[Function]}
            onStartShouldSetResponder={[Function]}
            style={
              Object {
                "backgroundColor": "rgb(21, 74, 150)",
                "borderColor": "rgb(21, 74, 150)",
                "borderRadius": 22.5,
                "borderWidth": 1,
                "marginBottom": 10,
                "maxWidth": 400,
                "opacity": 1,
                "width": "100%",
              }
            }
          >
            <Text
              style={
                Array [
                  Object {
                    "alignSelf": "stretch",
                    "color": "rgb(255, 255, 255)",
                    "fontFamily": "Poppins",
                    "fontSize": 14,
                    "fontWeight": "bold",
                    "height": 45,
                    "paddingLeft": 20,
                    "paddingRight": 20,
                    "paddingTop": 12,
                    "textAlign": "center",
                  },
                  undefined,
                  null,
                  undefined,
                ]
              }
            >
              Good to know!
            </Text>
          </View>
        </View>
        <View
          style={
            Object {
              "alignItems": "center",
              "alignSelf": "stretch",
            }
          }
        >
          <View
            accessible={true}
            isTVSelectable={true}
            onResponderGrant={[Function]}
            onResponderMove={[Function]}
            onResponderRelease={[Function]}
            onResponderTerminate={[Function]}
            onResponderTerminationRequest={[Function]}
            onStartShouldSetResponder={[Function]}
            style={
              Object {
                "backgroundColor": "rgba(255, 255, 255, 0)",
                "borderColor": "rgb(0, 50, 120)",
                "borderRadius": 22.5,
                "borderWidth": 1,
                "marginBottom": 10,
                "maxWidth": 400,
                "opacity": 1,
                "width": "100%",
              }
            }
          >
            <Text
              style={
                Array [
                  Object {
                    "alignSelf": "stretch",
                    "color": "rgb(255, 255, 255)",
                    "fontFamily": "Poppins",
                    "fontSize": 14,
                    "fontWeight": "bold",
                    "height": 45,
                    "paddingLeft": 20,
                    "paddingRight": 20,
                    "paddingTop": 12,
                    "textAlign": "center",
                  },
                  Object {
                    "color": "rgb(0, 50, 120)",
                  },
                  null,
                  undefined,
                ]
              }
            >
              Go to settings
            </Text>
          </View>
        </View>
      </View>
    </View>
  </View>,
]
`;
