// Jest Snapshot v1, https://goo.gl/fbAQLP

exports[`Escrow renders correctly 1`] = `
<View
  onLayout={[Function]}
  style={
    Array [
      Object {
        "backgroundColor": "rgb(0, 50, 120)",
        "flex": 1,
        "justifyContent": "space-between",
      },
      Object {
        "width": 750,
      },
      Object {
        "display": "flex",
        "flex": 1,
      },
    ]
  }
>
  <View
    style={
      Object {
        "backgroundColor": "rgb(21, 74, 150)",
        "bottom": 0,
        "left": 0,
        "position": "absolute",
        "right": 0,
        "top": 242,
      }
    }
  />
  <View
    style={
      Object {
        "alignItems": "center",
        "backgroundColor": "rgb(0, 50, 120)",
        "display": "flex",
        "flexDirection": "row",
        "height": 70,
        "justifyContent": "space-between",
        "paddingTop": 20,
      }
    }
  >
    <View
      style={
        Object {
          "display": "flex",
          "justifyContent": "center",
          "marginLeft": 18,
          "marginRight": 18,
          "width": 40,
        }
      }
    />
    <View
      style={
        Object {
          "alignItems": "center",
          "display": "flex",
          "flex": 1,
          "justifyContent": "center",
        }
      }
    >
      <Image
        source={
          Object {
            "testUri": "../../../src/app/components/logo/images/pigzbe_logo_inapp.png",
          }
        }
        style={
          Object {
            "height": 25,
            "width": 65,
          }
        }
      />
    </View>
    <View
      style={
        Object {
          "display": "flex",
          "justifyContent": "center",
          "marginLeft": 18,
          "marginRight": 18,
          "width": 40,
        }
      }
    />
  </View>
  <View
    style={
      Object {
        "alignItems": "center",
        "justifyContent": "center",
        "marginTop": 10,
      }
    }
  >
    <Text
      style={
        Array [
          Object {
            "color": "rgb(255, 255, 255)",
            "fontFamily": "Poppins",
            "fontSize": 22,
            "fontWeight": "bold",
          },
          undefined,
        ]
      }
    >
      Distribution lock-up
    </Text>
    <Image
      source={
        Object {
          "testUri": "../../../src/app/components/step-header/images/coins.png",
        }
      }
      style={
        Object {
          "height": 100,
          "marginBottom": -30,
          "marginTop": 8,
          "width": 200,
        }
      }
    />
  </View>
  <View
    onLayout={[Function]}
    style={
      Object {
        "flex": 1,
      }
    }
  >
    <View
      style={
        Array [
          Object {
            "flexGrow": 1,
          },
          Object {
            "bottom": 0,
          },
        ]
      }
    >
      <View
        onLayout={[Function]}
        style={
          Array [
            Object {
              "backgroundColor": "rgb(0, 50, 120)",
              "flex": 1,
              "justifyContent": "space-between",
            },
            Object {
              "width": 750,
            },
            Array [
              Object {
                "alignSelf": "center",
                "borderTopLeftRadius": 5,
                "borderTopRightRadius": 5,
                "width": "88.75%",
              },
              Object {
                "backgroundColor": "rgb(255, 255, 255)",
              },
            ],
          ]
        }
      >
        <View
          style={
            Array [
              Object {
                "paddingLeft": "6.25%",
                "paddingRight": "6.25%",
                "paddingTop": 30,
              },
              Object {
                "paddingTop": 32,
              },
            ]
          }
        >
          <Text
            style={
              Array [
                Object {
                  "color": "rgb(0, 50, 120)",
                  "fontFamily": "Poppins",
                  "fontSize": 16,
                  "marginBottom": 18,
                  "textAlign": "center",
                },
                null,
                undefined,
              ]
            }
          >
            Your Wollo release schedule:
          </Text>
        </View>
        <View
          style={
            Array [
              Object {
                "display": "flex",
                "flex": 1,
              },
              null,
              null,
            ]
          }
        >
          <View
            style={
              Object {
                "alignItems": "stretch",
                "alignSelf": "stretch",
                "position": "relative",
              }
            }
          >
            <RCTScrollView
              data={
                Array [
                  Object {
                    "amount": "625000",
                    "date": "1525278258",
                    "dispatch": [Function],
                    "hash": "a97c5c731b3de9257534025c54f9c1d12905486b16f01f208a3dab4417c17ff7",
                    "key": "0",
                    "seq": "37602498806022150",
                    "xdr": "AAAAAA7pKTDVBpT9Foo2Jh3Ag48ub7TAn+zt24U7rovjQwRmAAAAZACFl0YAAAAGAAAAAQAAAABa6eYyAAAAAAAAAAAAAAAAAAAAAQAAAAAAAAABAAAAAIjDkavLS2G4aKpTtfuqB6HUeiDwoJUTHahbtWaeZJ94AAAAAVdMTwAAAAAAN5Elfl1kQx1zgHE9fuRFc+Jxrn1+uK7y7B9BS/F6R+gAAAWvMQekAAAAAAAAAAAA",
                  },
                  Object {
                    "amount": "625000",
                    "date": "1525278264",
                    "dispatch": [Function],
                    "hash": "5c374d271b3b104b254d981016e5bcbefcece0d0ac42c6ba133dbd855c091041",
                    "key": "1",
                    "seq": "37602498806022151",
                    "xdr": "AAAAAA7pKTDVBpT9Foo2Jh3Ag48ub7TAn+zt24U7rovjQwRmAAAAZACFl0YAAAAHAAAAAQAAAABa6eY4AAAAAAAAAAAAAAAAAAAAAQAAAAAAAAABAAAAAIjDkavLS2G4aKpTtfuqB6HUeiDwoJUTHahbtWaeZJ94AAAAAVdMTwAAAAAAN5Elfl1kQx1zgHE9fuRFc+Jxrn1+uK7y7B9BS/F6R+gAAAWvMQekAAAAAAAAAAAA",
                  },
                  Object {
                    "amount": "625000",
                    "date": "1525278270",
                    "dispatch": [Function],
                    "hash": "adeaa44b6a3c5eb939fa093972b8e4484bcdd104d92cd53fda375b787fcd7cb1",
                    "key": "2",
                    "seq": "37602498806022152",
                    "xdr": "AAAAAA7pKTDVBpT9Foo2Jh3Ag48ub7TAn+zt24U7rovjQwRmAAAAZACFl0YAAAAIAAAAAQAAAABa6eY+AAAAAAAAAAAAAAAAAAAAAQAAAAAAAAABAAAAAIjDkavLS2G4aKpTtfuqB6HUeiDwoJUTHahbtWaeZJ94AAAAAVdMTwAAAAAAN5Elfl1kQx1zgHE9fuRFc+Jxrn1+uK7y7B9BS/F6R+gAAAWvMQekAAAAAAAAAAAA",
                  },
                  Object {
                    "amount": "625000",
                    "date": "1525278276",
                    "dispatch": [Function],
                    "hash": "76bfcccad39648394f4818401a78875f290ce1c81e90f842fb77e8da4cef3b14",
                    "key": "3",
                    "seq": "37602498806022153",
                    "xdr": "AAAAAA7pKTDVBpT9Foo2Jh3Ag48ub7TAn+zt24U7rovjQwRmAAAAZACFl0YAAAAJAAAAAQAAAABa6eZEAAAAAAAAAAAAAAAAAAAAAQAAAAAAAAABAAAAAIjDkavLS2G4aKpTtfuqB6HUeiDwoJUTHahbtWaeZJ94AAAAAVdMTwAAAAAAN5Elfl1kQx1zgHE9fuRFc+Jxrn1+uK7y7B9BS/F6R+gAAAWvMQekAAAAAAAAAAAA",
                  },
                ]
              }
              disableVirtualization={false}
              getItem={[Function]}
              getItemCount={[Function]}
              horizontal={false}
              initialNumToRender={10}
              keyExtractor={[Function]}
              maxToRenderPerBatch={10}
              numColumns={1}
              onContentSizeChange={[Function]}
              onEndReachedThreshold={2}
              onLayout={[Function]}
              onMomentumScrollEnd={[Function]}
              onScroll={[Function]}
              onScrollBeginDrag={[Function]}
              onScrollEndDrag={[Function]}
              renderItem={[Function]}
              scrollEventThrottle={50}
              stickyHeaderIndices={Array []}
              updateCellsBatchingPeriod={50}
              viewabilityConfigCallbackPairs={Array []}
              windowSize={21}
            >
              <View>
                <View
                  onLayout={[Function]}
                  style={null}
                >
                  <View
                    style={
                      Object {
                        "borderBottomColor": "rgb(225, 225, 225)",
                        "borderBottomWidth": 1,
                        "flex": 1,
                        "paddingBottom": 10,
                        "paddingLeft": 20,
                        "paddingRight": 20,
                        "paddingTop": 20,
                      }
                    }
                  >
                    <View
                      style={
                        Object {
                          "alignItems": "center",
                          "alignSelf": "stretch",
                          "flex": 1,
                          "flexDirection": "row",
                          "justifyContent": "space-between",
                        }
                      }
                    >
                      <View
                        style={Object {}}
                      >
                        <Text
                          style={
                            Object {
                              "color": "rgb(0, 50, 120)",
                              "fontFamily": "Poppins",
                              "fontSize": 14,
                              "fontWeight": "bold",
                              "marginBottom": 2,
                            }
                          }
                        >
                          3 months ago
                        </Text>
                        <Text
                          style={
                            Object {
                              "color": "rgb(74, 74, 74)",
                              "fontFamily": "Poppins",
                              "fontSize": 20,
                            }
                          }
                        >
                          625,000
                           
                          WLO
                        </Text>
                      </View>
                      <View
                        style={
                          Object {
                            "alignItems": "center",
                            "alignSelf": "stretch",
                          }
                        }
                      >
                        <View
                          accessible={true}
                          isTVSelectable={true}
                          onResponderGrant={[Function]}
                          onResponderMove={[Function]}
                          onResponderRelease={[Function]}
                          onResponderTerminate={[Function]}
                          onResponderTerminationRequest={[Function]}
                          onStartShouldSetResponder={[Function]}
                          style={
                            Object {
                              "backgroundColor": "rgb(155, 155, 155)",
                              "borderColor": "rgb(155, 155, 155)",
                              "borderRadius": 22.5,
                              "borderWidth": 1,
                              "flexBasis": 100,
                              "marginBottom": 10,
                              "maxWidth": 400,
                              "opacity": 1,
                              "width": 100,
                            }
                          }
                        >
                          <Text
                            style={
                              Array [
                                Object {
                                  "alignSelf": "stretch",
                                  "color": "rgb(255, 255, 255)",
                                  "fontFamily": "Poppins",
                                  "fontSize": 14,
                                  "fontWeight": "bold",
                                  "height": 45,
                                  "paddingLeft": 20,
                                  "paddingRight": 20,
                                  "paddingTop": 12,
                                  "textAlign": "center",
                                },
                                undefined,
                                Array [
                                  Object {
                                    "color": "rgb(255, 255, 255)",
                                  },
                                  undefined,
                                ],
                                Object {
                                  "color": "rgba(255, 255, 255, 0.6)",
                                },
                              ]
                            }
                          >
                            Claim
                          </Text>
                        </View>
                      </View>
                    </View>
                  </View>
                </View>
                <View
                  onLayout={[Function]}
                  style={null}
                >
                  <View
                    style={
                      Object {
                        "borderBottomColor": "rgb(225, 225, 225)",
                        "borderBottomWidth": 1,
                        "flex": 1,
                        "paddingBottom": 10,
                        "paddingLeft": 20,
                        "paddingRight": 20,
                        "paddingTop": 20,
                      }
                    }
                  >
                    <View
                      style={
                        Object {
                          "alignItems": "center",
                          "alignSelf": "stretch",
                          "flex": 1,
                          "flexDirection": "row",
                          "justifyContent": "space-between",
                        }
                      }
                    >
                      <View
                        style={Object {}}
                      >
                        <Text
                          style={
                            Object {
                              "color": "rgb(0, 50, 120)",
                              "fontFamily": "Poppins",
                              "fontSize": 14,
                              "fontWeight": "bold",
                              "marginBottom": 2,
                            }
                          }
                        >
                          3 months ago
                        </Text>
                        <Text
                          style={
                            Object {
                              "color": "rgb(74, 74, 74)",
                              "fontFamily": "Poppins",
                              "fontSize": 20,
                            }
                          }
                        >
                          625,000
                           
                          WLO
                        </Text>
                      </View>
                      <View
                        style={
                          Object {
                            "alignItems": "center",
                            "alignSelf": "stretch",
                          }
                        }
                      >
                        <View
                          accessible={true}
                          isTVSelectable={true}
                          onResponderGrant={[Function]}
                          onResponderMove={[Function]}
                          onResponderRelease={[Function]}
                          onResponderTerminate={[Function]}
                          onResponderTerminationRequest={[Function]}
                          onStartShouldSetResponder={[Function]}
                          style={
                            Object {
                              "backgroundColor": "rgb(155, 155, 155)",
                              "borderColor": "rgb(155, 155, 155)",
                              "borderRadius": 22.5,
                              "borderWidth": 1,
                              "flexBasis": 100,
                              "marginBottom": 10,
                              "maxWidth": 400,
                              "opacity": 1,
                              "width": 100,
                            }
                          }
                        >
                          <Text
                            style={
                              Array [
                                Object {
                                  "alignSelf": "stretch",
                                  "color": "rgb(255, 255, 255)",
                                  "fontFamily": "Poppins",
                                  "fontSize": 14,
                                  "fontWeight": "bold",
                                  "height": 45,
                                  "paddingLeft": 20,
                                  "paddingRight": 20,
                                  "paddingTop": 12,
                                  "textAlign": "center",
                                },
                                undefined,
                                Array [
                                  Object {
                                    "color": "rgb(255, 255, 255)",
                                  },
                                  undefined,
                                ],
                                Object {
                                  "color": "rgba(255, 255, 255, 0.6)",
                                },
                              ]
                            }
                          >
                            Claim
                          </Text>
                        </View>
                      </View>
                    </View>
                  </View>
                </View>
                <View
                  onLayout={[Function]}
                  style={null}
                >
                  <View
                    style={
                      Object {
                        "borderBottomColor": "rgb(225, 225, 225)",
                        "borderBottomWidth": 1,
                        "flex": 1,
                        "paddingBottom": 10,
                        "paddingLeft": 20,
                        "paddingRight": 20,
                        "paddingTop": 20,
                      }
                    }
                  >
                    <View
                      style={
                        Object {
                          "alignItems": "center",
                          "alignSelf": "stretch",
                          "flex": 1,
                          "flexDirection": "row",
                          "justifyContent": "space-between",
                        }
                      }
                    >
                      <View
                        style={Object {}}
                      >
                        <Text
                          style={
                            Object {
                              "color": "rgb(0, 50, 120)",
                              "fontFamily": "Poppins",
                              "fontSize": 14,
                              "fontWeight": "bold",
                              "marginBottom": 2,
                            }
                          }
                        >
                          3 months ago
                        </Text>
                        <Text
                          style={
                            Object {
                              "color": "rgb(74, 74, 74)",
                              "fontFamily": "Poppins",
                              "fontSize": 20,
                            }
                          }
                        >
                          625,000
                           
                          WLO
                        </Text>
                      </View>
                      <View
                        style={
                          Object {
                            "alignItems": "center",
                            "alignSelf": "stretch",
                          }
                        }
                      >
                        <View
                          accessible={true}
                          isTVSelectable={true}
                          onResponderGrant={[Function]}
                          onResponderMove={[Function]}
                          onResponderRelease={[Function]}
                          onResponderTerminate={[Function]}
                          onResponderTerminationRequest={[Function]}
                          onStartShouldSetResponder={[Function]}
                          style={
                            Object {
                              "backgroundColor": "rgb(155, 155, 155)",
                              "borderColor": "rgb(155, 155, 155)",
                              "borderRadius": 22.5,
                              "borderWidth": 1,
                              "flexBasis": 100,
                              "marginBottom": 10,
                              "maxWidth": 400,
                              "opacity": 1,
                              "width": 100,
                            }
                          }
                        >
                          <Text
                            style={
                              Array [
                                Object {
                                  "alignSelf": "stretch",
                                  "color": "rgb(255, 255, 255)",
                                  "fontFamily": "Poppins",
                                  "fontSize": 14,
                                  "fontWeight": "bold",
                                  "height": 45,
                                  "paddingLeft": 20,
                                  "paddingRight": 20,
                                  "paddingTop": 12,
                                  "textAlign": "center",
                                },
                                undefined,
                                Array [
                                  Object {
                                    "color": "rgb(255, 255, 255)",
                                  },
                                  undefined,
                                ],
                                Object {
                                  "color": "rgba(255, 255, 255, 0.6)",
                                },
                              ]
                            }
                          >
                            Claim
                          </Text>
                        </View>
                      </View>
                    </View>
                  </View>
                </View>
                <View
                  onLayout={[Function]}
                  style={null}
                >
                  <View
                    style={
                      Object {
                        "borderBottomColor": "rgb(225, 225, 225)",
                        "borderBottomWidth": 1,
                        "flex": 1,
                        "paddingBottom": 10,
                        "paddingLeft": 20,
                        "paddingRight": 20,
                        "paddingTop": 20,
                      }
                    }
                  >
                    <View
                      style={
                        Object {
                          "alignItems": "center",
                          "alignSelf": "stretch",
                          "flex": 1,
                          "flexDirection": "row",
                          "justifyContent": "space-between",
                        }
                      }
                    >
                      <View
                        style={Object {}}
                      >
                        <Text
                          style={
                            Object {
                              "color": "rgb(0, 50, 120)",
                              "fontFamily": "Poppins",
                              "fontSize": 14,
                              "fontWeight": "bold",
                              "marginBottom": 2,
                            }
                          }
                        >
                          3 months ago
                        </Text>
                        <Text
                          style={
                            Object {
                              "color": "rgb(74, 74, 74)",
                              "fontFamily": "Poppins",
                              "fontSize": 20,
                            }
                          }
                        >
                          625,000
                           
                          WLO
                        </Text>
                      </View>
                      <View
                        style={
                          Object {
                            "alignItems": "center",
                            "alignSelf": "stretch",
                          }
                        }
                      >
                        <View
                          accessible={true}
                          isTVSelectable={true}
                          onResponderGrant={[Function]}
                          onResponderMove={[Function]}
                          onResponderRelease={[Function]}
                          onResponderTerminate={[Function]}
                          onResponderTerminationRequest={[Function]}
                          onStartShouldSetResponder={[Function]}
                          style={
                            Object {
                              "backgroundColor": "rgb(155, 155, 155)",
                              "borderColor": "rgb(155, 155, 155)",
                              "borderRadius": 22.5,
                              "borderWidth": 1,
                              "flexBasis": 100,
                              "marginBottom": 10,
                              "maxWidth": 400,
                              "opacity": 1,
                              "width": 100,
                            }
                          }
                        >
                          <Text
                            style={
                              Array [
                                Object {
                                  "alignSelf": "stretch",
                                  "color": "rgb(255, 255, 255)",
                                  "fontFamily": "Poppins",
                                  "fontSize": 14,
                                  "fontWeight": "bold",
                                  "height": 45,
                                  "paddingLeft": 20,
                                  "paddingRight": 20,
                                  "paddingTop": 12,
                                  "textAlign": "center",
                                },
                                undefined,
                                Array [
                                  Object {
                                    "color": "rgb(255, 255, 255)",
                                  },
                                  undefined,
                                ],
                                Object {
                                  "color": "rgba(255, 255, 255, 0.6)",
                                },
                              ]
                            }
                          >
                            Claim
                          </Text>
                        </View>
                      </View>
                    </View>
                  </View>
                </View>
              </View>
            </RCTScrollView>
          </View>
        </View>
      </View>
    </View>
  </View>
</View>
`;
