// Jest Snapshot v1, https://goo.gl/fbAQLP

exports[`Wollo renders correctly 1`] = `
<View
  style={
    Object {
      "alignItems": "center",
      "justifyContent": "center",
    }
  }
>
  <View
    style={
      Object {
        "alignItems": "center",
        "flexDirection": "row",
        "justifyContent": "center",
      }
    }
  >
    <Image
      source={
        Object {
          "testUri": "../../../src/app/components/wollo/images/wollo.png",
        }
      }
      style={
        Object {
          "height": 23,
          "marginRight": 10,
          "width": 23,
        }
      }
    />
    <Text
      style={
        Array [
          Object {
            "color": "rgb(255, 255, 255)",
            "fontFamily": "Poppins",
            "fontSize": 22,
            "fontWeight": "bold",
          },
          null,
        ]
      }
    >
      100
    </Text>
  </View>
  <Text
    style={
      Array [
        Object {
          "color": "rgba(255, 255, 255, 0.6)",
          "fontFamily": "Poppins",
          "fontSize": 14,
          "fontWeight": "bold",
        },
        null,
      ]
    }
  >
    Wollo balance
  </Text>
</View>
`;
