// Jest Snapshot v1, https://goo.gl/fbAQLP

exports[`Wollo renders correctly 1`] = `
<View
  style={
    Object {
      "alignItems": "center",
      "justifyContent": "center",
    }
  }
>
  <View
    style={
      Object {
        "alignItems": "center",
        "flexDirection": "row",
        "justifyContent": "center",
      }
    }
  >
    <Image
      source={
        Object {
          "testUri": "../../../src/app/components/wollo/images/currency_logo.png",
        }
      }
      style={
        Object {
          "height": 19,
          "marginRight": 10,
          "width": 23,
        }
      }
    />
    <Text
      style={
        Object {
          "color": "rgb(255, 255, 255)",
          "fontFamily": "Poppins",
          "fontSize": 22,
          "fontWeight": "bold",
        }
      }
    >
      100
    </Text>
  </View>
  <Text
    style={
      Object {
        "color": "rgba(255, 255, 255, 0.6)",
        "fontFamily": "Poppins",
        "fontSize": 14,
        "fontWeight": "bold",
      }
    }
  >
    Wollo balance
  </Text>
</View>
`;
