// Jest Snapshot v1, https://goo.gl/fbAQLP

exports[`Game renders correctly 1`] = `
<View
  style={
    Object {
      "alignSelf": "stretch",
      "flex": 1,
    }
  }
>
  <WebView
    domStorageEnabled={true}
    javaScriptEnabled={true}
    onMessage={[Function]}
    source="html"
    style={
      Object {
        "alignSelf": "stretch",
        "flex": 1,
      }
    }
  />
  <View
    accessibilityComponentType={undefined}
    accessibilityLabel={undefined}
    accessibilityTraits={undefined}
    accessible={true}
    collapsable={undefined}
    hasTVPreferredFocus={undefined}
    hitSlop={undefined}
    isTVSelectable={true}
    nativeID={undefined}
    onLayout={undefined}
    onResponderGrant={[Function]}
    onResponderMove={[Function]}
    onResponderRelease={[Function]}
    onResponderTerminate={[Function]}
    onResponderTerminationRequest={[Function]}
    onStartShouldSetResponder={[Function]}
    style={
      Object {
        "backgroundColor": "rgb(253, 223, 6)",
        "bottom": 20,
        "height": 40,
        "left": 20,
        "opacity": 1,
        "position": "absolute",
        "width": 40,
      }
    }
    testID={undefined}
    tvParallaxProperties={undefined}
  />
  <View
    style={
      Object {
        "alignItems": "center",
        "backgroundColor": "rgb(0, 50, 120)",
        "bottom": 0,
        "flex": 1,
        "justifyContent": "center",
        "left": 0,
        "position": "absolute",
        "right": 0,
        "top": 0,
      }
    }
  >
    <Text
      accessible={true}
      allowFontScaling={true}
      ellipsizeMode="tail"
      style={
        Object {
          "color": "rgb(255, 255, 255)",
          "fontFamily": "Poppins",
          "fontSize": 16,
          "marginBottom": 20,
          "marginLeft": 20,
          "marginRight": 20,
          "marginTop": 20,
          "textAlign": "center",
        }
      }
    >
      Loading
    </Text>
    <ActivityIndicator
      animating={true}
      color="rgb(230, 155, 230)"
      hidesWhenStopped={true}
      size="large"
    />
  </View>
</View>
`;
