// Jest Snapshot v1, https://goo.gl/fbAQLP

exports[`Game renders correctly 1`] = `
<WebView
  domStorageEnabled={true}
  javaScriptEnabled={true}
  onMessage={[Function]}
  source="html"
  style={
    Object {
      "alignItems": "center",
      "alignSelf": "stretch",
      "backgroundColor": "#003278",
      "flex": 1,
      "justifyContent": "center",
      "paddingTop": 20,
    }
  }
/>
`;
