// Jest Snapshot v1, https://goo.gl/fbAQLP

exports[`Footer renders correctly 1`] = `
<View
  style={
    Object {
      "position": "relative",
      "width": "100%",
    }
  }
>
  <View
    style={
      Object {
        "backgroundColor": "rgba(0, 0, 0, 0.05)",
        "bottom": 50,
        "height": 5,
        "left": 0,
        "position": "absolute",
        "right": 0,
        "zIndex": 1,
      }
    }
  />
</View>
`;
