// Jest Snapshot v1, https://goo.gl/fbAQLP

exports[`Balance renders correctly 1`] = `
<View
  style={
    Object {
      "alignItems": "center",
      "alignSelf": "stretch",
      "backgroundColor": "#003278",
      "flex": 1,
      "justifyContent": "center",
      "paddingTop": 20,
    }
  }
>
  <Image
    source={
      Object {
        "testUri": "../../../src/app/components/avatar/avatar.png",
      }
    }
    style={
      Object {
        "borderRadius": 50,
        "height": 100,
        "width": 100,
      }
    }
  />
  <Text
    accessible={true}
    allowFontScaling={true}
    ellipsizeMode="tail"
    style={
      Object {
        "color": "#ffffff",
        "fontFamily": "Poppins",
        "fontSize": 18,
      }
    }
  >
    Hi
     
    Name
  </Text>
  <Text
    accessible={true}
    allowFontScaling={true}
    ellipsizeMode="tail"
    style={
      Object {
        "color": "#ffffff",
        "fontFamily": "Poppins",
        "fontSize": 40,
      }
    }
  >
    100.0000
  </Text>
  <Text
    accessible={true}
    allowFontScaling={true}
    ellipsizeMode="tail"
    style={
      Object {
        "color": "#ffffff",
        "fontFamily": "Poppins",
        "fontSize": 18,
      }
    }
  >
    Wollo balance
  </Text>
  <Text
    accessible={true}
    allowFontScaling={true}
    ellipsizeMode="tail"
    style={
      Object {
        "color": "#ffffff",
        "fontFamily": "Poppins",
        "fontSize": 18,
      }
    }
  >
    Your balance converted
  </Text>
  <Text
    accessible={true}
    allowFontScaling={true}
    ellipsizeMode="tail"
    onPress={[Function]}
    style={
      Object {
        "color": "#ffffff",
        "fontFamily": "Poppins",
        "fontSize": 18,
      }
    }
  >
    Prices by CryptoCompare
  </Text>
  <View
    accessibilityComponentType={undefined}
    accessibilityLabel={undefined}
    accessibilityTraits={undefined}
    accessible={true}
    collapsable={undefined}
    hasTVPreferredFocus={undefined}
    hitSlop={undefined}
    isTVSelectable={true}
    nativeID={undefined}
    onLayout={undefined}
    onResponderGrant={[Function]}
    onResponderMove={[Function]}
    onResponderRelease={[Function]}
    onResponderTerminate={[Function]}
    onResponderTerminationRequest={[Function]}
    onStartShouldSetResponder={[Function]}
    style={
      Object {
        "backgroundColor": "#FDDF06",
        "height": 40,
        "opacity": 1,
        "position": "absolute",
        "right": 20,
        "top": 40,
        "width": 40,
      }
    }
    testID={undefined}
    tvParallaxProperties={undefined}
  />
</View>
`;
