// Jest Snapshot v1, https://goo.gl/fbAQLP

exports[`Keyboard Avoid renders correctly 1`] = `
<View
  contentContainerStyle={undefined}
  enabled={true}
  keyboardVerticalOffset={0}
  onLayout={[Function]}
  style={
    Object {
      "flex": 1,
    }
  }
>
  <View
    style={
      Array [
        undefined,
        Object {
          "bottom": 0,
        },
      ]
    }
  />
</View>
`;
