// Jest Snapshot v1, https://goo.gl/fbAQLP

exports[`Checkbox renders correctly 1`] = `
<View
  accessible={true}
  isTVSelectable={true}
  onResponderGrant={[Function]}
  onResponderMove={[Function]}
  onResponderRelease={[Function]}
  onResponderTerminate={[Function]}
  onResponderTerminationRequest={[Function]}
  onStartShouldSetResponder={[Function]}
  style={
    Object {
      "alignItems": "center",
      "alignSelf": "stretch",
      "flexDirection": "row",
      "justifyContent": "space-between",
      "marginBottom": 20,
      "marginTop": 10,
      "opacity": 1,
    }
  }
>
  <Text
    style={
      Object {
        "color": "rgb(0, 50, 120)",
        "fontFamily": "Poppins",
        "fontSize": 14,
        "fontWeight": "bold",
        "marginRight": 10,
      }
    }
  />
  <View
    style={
      Object {
        "alignItems": "center",
        "justifyContent": "center",
      }
    }
  >
    <View
      style={
        Object {
          "alignItems": "center",
          "borderColor": "rgb(0, 50, 120)",
          "borderRadius": 15,
          "borderStyle": "solid",
          "borderWidth": 1,
          "height": 30,
          "justifyContent": "center",
          "width": 30,
        }
      }
    >
      <View
        style={
          Object {
            "backgroundColor": "rgb(0, 50, 120)",
            "borderRadius": 8,
            "height": 16,
            "opacity": 0.3,
            "width": 16,
          }
        }
      />
    </View>
  </View>
</View>
`;
