// Jest Snapshot v1, https://goo.gl/fbAQLP

exports[`Checkbox renders correctly 1`] = `
<View
  accessible={true}
  isTVSelectable={true}
  onResponderGrant={[Function]}
  onResponderMove={[Function]}
  onResponderRelease={[Function]}
  onResponderTerminate={[Function]}
  onResponderTerminationRequest={[Function]}
  onStartShouldSetResponder={[Function]}
  style={
    Object {
      "alignItems": "center",
      "flexDirection": "row",
      "justifyContent": "flex-start",
      "marginBottom": 20,
      "marginTop": 10,
      "opacity": 1,
    }
  }
>
  <View
    style={
      Object {
        "alignItems": "center",
        "justifyContent": "center",
      }
    }
  >
    <View
      style={
        Array [
          Object {
            "alignItems": "center",
            "borderRadius": 4,
            "height": 30,
            "justifyContent": "center",
            "width": 30,
          },
          Object {
            "backgroundColor": "rgb(255, 255, 255)",
            "borderColor": "rgb(127, 153, 188)",
            "borderStyle": "solid",
            "borderWidth": 1,
          },
        ]
      }
    >
      <View
        style={
          Object {
            "height": 16,
            "opacity": 0.3,
            "width": 16,
          }
        }
      />
    </View>
  </View>
  <View
    style={
      Object {
        "color": "rgb(0, 50, 120)",
        "fontFamily": "Poppins",
        "fontSize": 14,
        "fontWeight": "bold",
        "marginRight": 10,
      }
    }
  />
</View>
`;
