// Jest Snapshot v1, https://goo.gl/fbAQLP

exports[`Coin renders correctly 1`] = `
<View
  style={
    Object {
      "alignItems": "center",
      "flex": 1,
      "flexShrink": 0,
      "justifyContent": "center",
      "marginBottom": 20,
      "minWidth": "26%",
      "width": "26%",
    }
  }
>
  <Image
    style={
      Array [
        Object {
          "height": 35,
          "width": 35,
        },
        Object {
          "marginBottom": 15,
        },
      ]
    }
  />
  <Text
    style={
      Object {
        "color": "rgb(74, 74, 74)",
        "fontFamily": "Poppins",
        "fontSize": 14,
        "fontWeight": "bold",
      }
    }
  >
    btc
  </Text>
  <Text
    style={
      Object {
        "color": "rgba(74, 74, 74, 0.5)",
        "fontFamily": "Poppins",
        "fontSize": 14,
        "fontWeight": "bold",
      }
    }
  >
    1,231.12
  </Text>
</View>
`;
