// Jest Snapshot v1, https://goo.gl/fbAQLP

exports[`Title renders correctly 1`] = `
<Text
  accessible={true}
  allowFontScaling={true}
  ellipsizeMode="tail"
  style={
    Object {
      "color": "rgb(74, 74, 74)",
      "fontFamily": "Poppins",
      "fontSize": 16,
      "marginTop": 25,
    }
  }
/>
`;
