// Jest Snapshot v1, https://goo.gl/fbAQLP

exports[`Navigation: Root renders correctly 1`] = `
Array [
  <View
    style={
      Object {
        "alignItems": "center",
        "alignSelf": "stretch",
        "backgroundColor": "rgb(0, 50, 120)",
        "flex": 1,
        "justifyContent": "center",
      }
    }
  >
    <View
      contentContainerStyle={
        Object {
          "backgroundColor": "rgb(0, 50, 120)",
        }
      }
      enabled={true}
      keyboardVerticalOffset={0}
      onLayout={[Function]}
      style={undefined}
    >
      <View
        style={
          Array [
            Object {
              "backgroundColor": "rgb(0, 50, 120)",
            },
            Object {
              "bottom": 0,
            },
          ]
        }
      >
        <View
          style={
            Object {
              "alignItems": "center",
              "flex": 1,
              "height": "50%",
              "justifyContent": "center",
              "width": "100%",
            }
          }
        >
          <Image
            source={
              Object {
                "testUri": "../../../src/app/components/login/images/header.png",
              }
            }
            style={
              Object {
                "height": "100%",
                "position": "absolute",
                "width": "100%",
                "zIndex": 0,
              }
            }
          />
          <Image
            source={
              Object {
                "testUri": "../../../src/app/components/login/images/pigzbe_logo.png",
              }
            }
            style={
              Object {
                "height": 63,
                "width": 162,
              }
            }
          />
          <Text
            accessible={true}
            allowFontScaling={true}
            ellipsizeMode="tail"
            style={
              Object {
                "color": "rgb(255, 255, 255)",
                "fontFamily": "Poppins",
                "fontSize": 16,
                "fontWeight": "bold",
                "marginBottom": 20,
                "marginLeft": 20,
                "marginRight": 20,
                "marginTop": 10,
                "position": "relative",
                "textAlign": "center",
                "zIndex": 1,
              }
            }
          >
            Save. Learn. Play.
          </Text>
          <View
            style={
              Object {
                "alignItems": "center",
                "bottom": 0,
                "flex": 1,
                "justifyContent": "flex-end",
                "position": "absolute",
              }
            }
          >
            <Image
              source={
                Object {
                  "testUri": "../../../src/app/components/pig/pig.png",
                }
              }
              style={
                Object {
                  "height": 35,
                  "width": 81,
                }
              }
            />
          </View>
        </View>
        <View
          style={
            Object {
              "flex": 1,
              "justifyContent": "center",
              "paddingLeft": "9.375%",
              "paddingRight": "9.375%",
              "width": "100%",
            }
          }
        >
          <Text
            accessible={true}
            allowFontScaling={true}
            ellipsizeMode="tail"
            style={
              Object {
                "color": "rgb(255, 255, 255)",
                "fontFamily": "Poppins",
                "fontSize": 16,
                "fontWeight": "bold",
                "marginBottom": 10,
                "marginLeft": 20,
                "marginRight": 20,
                "textAlign": "center",
              }
            }
          >
            Welcome to Pigzbe
          </Text>
          <Text
            accessible={true}
            allowFontScaling={true}
            ellipsizeMode="tail"
            style={
              Object {
                "color": "rgba(255, 255, 255, 0.6)",
                "fontFamily": "Poppins",
                "fontSize": 14,
                "marginBottom": 20,
                "marginLeft": 20,
                "marginRight": 20,
                "textAlign": "center",
              }
            }
          >
            Enter your key to access your Wollo account
          </Text>
          <TextInput
            allowFontScaling={true}
            onChangeText={[Function]}
            placeholder="Your key"
            placeholderTextColor="rgba(255, 255, 255, 0.6)"
            style={
              Object {
                "alignSelf": "stretch",
                "borderColor": "rgb(255, 255, 255)",
                "borderRadius": 22.5,
                "borderWidth": 1,
                "color": "rgb(255, 255, 255)",
                "fontFamily": "Poppins",
                "fontSize": 14,
                "fontWeight": "bold",
                "height": 45,
                "marginBottom": 10,
                "paddingLeft": 30,
                "paddingRight": 20,
              }
            }
            value="SDHBBSJHINKGAZ2L2OSXQWWZ335LY3AQWDJTNN2PFGSJWVAXA4YXVTP4"
          />
          <View
            accessibilityComponentType={undefined}
            accessibilityLabel={undefined}
            accessibilityTraits={undefined}
            accessible={true}
            collapsable={undefined}
            hasTVPreferredFocus={undefined}
            hitSlop={undefined}
            isTVSelectable={true}
            nativeID={undefined}
            onLayout={undefined}
            onResponderGrant={[Function]}
            onResponderMove={[Function]}
            onResponderRelease={[Function]}
            onResponderTerminate={[Function]}
            onResponderTerminationRequest={[Function]}
            onStartShouldSetResponder={[Function]}
            style={
              Object {
                "alignSelf": "stretch",
                "backgroundColor": "rgb(253, 223, 6)",
                "borderColor": "rgb(253, 223, 6)",
                "borderRadius": 22.5,
                "borderWidth": 1,
                "marginBottom": 10,
                "opacity": 1,
              }
            }
            testID={undefined}
            tvParallaxProperties={undefined}
          >
            <Text
              accessible={true}
              allowFontScaling={true}
              ellipsizeMode="tail"
              style={
                Array [
                  Object {
                    "alignSelf": "stretch",
                    "color": "rgb(0, 50, 120)",
                    "fontFamily": "Poppins",
                    "fontSize": 16,
                    "fontWeight": "bold",
                    "height": 45,
                    "paddingLeft": 20,
                    "paddingRight": 20,
                    "paddingTop": 10,
                    "textAlign": "center",
                  },
                  undefined,
                ]
              }
            >
              Next
            </Text>
          </View>
        </View>
      </View>
    </View>
    <View
      style={
        Object {
          "alignItems": "center",
          "flex": 1,
          "flexDirection": "row",
          "justifyContent": "space-between",
          "left": 0,
          "paddingLeft": "9.375%",
          "paddingRight": "9.375%",
          "position": "absolute",
          "top": 30,
          "width": "100%",
        }
      }
    >
      <Text
        accessible={true}
        allowFontScaling={true}
        ellipsizeMode="tail"
        style={
          Object {
            "backgroundColor": "rgb(149, 198, 100)",
            "color": "rgb(255, 255, 255)",
            "fontFamily": "Poppins",
            "fontSize": 12,
            "fontWeight": "bold",
            "paddingLeft": 4,
            "paddingRight": 4,
          }
        }
      >
        TESTNET
      </Text>
      <View
        accessibilityComponentType={undefined}
        accessibilityLabel={undefined}
        accessibilityTraits={undefined}
        accessible={true}
        collapsable={undefined}
        hasTVPreferredFocus={undefined}
        hitSlop={undefined}
        isTVSelectable={true}
        nativeID={undefined}
        onLayout={undefined}
        onResponderGrant={[Function]}
        onResponderMove={[Function]}
        onResponderRelease={[Function]}
        onResponderTerminate={[Function]}
        onResponderTerminationRequest={[Function]}
        onStartShouldSetResponder={[Function]}
        style={
          Object {
            "height": 18,
            "opacity": 1,
            "width": 18,
          }
        }
        testID={undefined}
        tvParallaxProperties={undefined}
      >
        <Image
          source={
            Object {
              "testUri": "../../../src/app/components/header/images/settings-icon.png",
            }
          }
          style={
            Object {
              "height": 18,
              "width": 18,
            }
          }
        />
      </View>
    </View>
  </View>,
  <View
    style={
      Object {
        "alignItems": "center",
        "backgroundColor": "rgb(255, 0, 0)",
        "flex": 1,
        "flexDirection": "row",
        "height": 80,
        "justifyContent": "space-between",
        "left": 0,
        "position": "absolute",
        "right": 0,
        "top": 0,
      }
    }
  >
    <Text
      accessible={true}
      allowFontScaling={true}
      ellipsizeMode="tail"
      style={
        Object {
          "color": "rgb(255, 255, 255)",
          "fontFamily": "Poppins",
          "fontSize": 16,
          "marginBottom": 20,
          "marginLeft": 40,
          "marginRight": 20,
          "marginTop": 20,
          "textAlign": "left",
        }
      }
    >
      Error: Internet is down
    </Text>
    <View
      style={
        Object {
          "marginRight": 20,
        }
      }
    >
      <View
        accessibilityComponentType={undefined}
        accessibilityLabel={undefined}
        accessibilityTraits={undefined}
        accessible={true}
        collapsable={undefined}
        hasTVPreferredFocus={undefined}
        hitSlop={undefined}
        isTVSelectable={true}
        nativeID={undefined}
        onLayout={undefined}
        onResponderGrant={[Function]}
        onResponderMove={[Function]}
        onResponderRelease={[Function]}
        onResponderTerminate={[Function]}
        onResponderTerminationRequest={[Function]}
        onStartShouldSetResponder={[Function]}
        style={
          Object {
            "opacity": 1,
          }
        }
        testID={undefined}
        tvParallaxProperties={undefined}
      >
        <Text
          accessible={true}
          allowFontScaling={true}
          ellipsizeMode="tail"
          style={
            Array [
              Object {
                "alignSelf": "stretch",
                "color": "rgb(0, 50, 120)",
                "fontFamily": "Poppins",
                "fontSize": 16,
                "fontWeight": "bold",
                "height": 45,
                "paddingLeft": 20,
                "paddingRight": 20,
                "paddingTop": 10,
                "textAlign": "center",
              },
              Object {
                "color": "rgba(255, 255, 255, 0.7)",
                "fontSize": 14,
                "textDecorationColor": "rgb(255, 255, 255)",
                "textDecorationLine": "underline",
                "textDecorationStyle": "solid",
              },
              undefined,
            ]
          }
        >
          dismiss
        </Text>
      </View>
    </View>
  </View>,
]
`;
